{"ts":"2026-04-16T06:28:30.968Z","level":"INFO","step":"webhook_received","data":{"url":"http://localhost:3000/webhook"}}
{"ts":"2026-04-16T06:28:30.977Z","level":"INFO","step":"signature_verified"}
{"ts":"2026-04-16T06:28:30.981Z","level":"INFO","step":"event_parsed","data":{"type":"payment_intent.created"}}
{"ts":"2026-04-16T06:28:30.984Z","level":"INFO","step":"event_ignored","data":{"type":"payment_intent.created"}}
{"ts":"2026-04-16T06:28:31.001Z","level":"INFO","step":"webhook_received","data":{"url":"http://localhost:3000/webhook"}}
{"ts":"2026-04-16T06:28:31.004Z","level":"INFO","step":"signature_verified"}
{"ts":"2026-04-16T06:28:31.005Z","level":"INFO","step":"event_parsed","data":{"type":"customer.created"}}
{"ts":"2026-04-16T06:28:31.008Z","level":"INFO","step":"event_ignored","data":{"type":"customer.created"}}
{"ts":"2026-04-16T06:28:31.026Z","level":"INFO","step":"webhook_received","data":{"url":"http://localhost:3000/webhook"}}
{"ts":"2026-04-16T06:28:31.029Z","level":"INFO","step":"signature_verified"}
{"ts":"2026-04-16T06:28:31.032Z","level":"INFO","step":"event_parsed","data":{"type":"payment_intent.created"}}
{"ts":"2026-04-16T06:28:31.034Z","level":"INFO","step":"event_ignored","data":{"type":"payment_intent.created"}}
{"ts":"2026-04-16T06:28:31.249Z","level":"INFO","step":"webhook_received","data":{"url":"http://localhost:3000/webhook"}}
{"ts":"2026-04-16T06:28:31.252Z","level":"INFO","step":"signature_verified"}
{"ts":"2026-04-16T06:28:31.253Z","level":"INFO","step":"event_parsed","data":{"type":"plan.created"}}
{"ts":"2026-04-16T06:28:31.255Z","level":"INFO","step":"event_ignored","data":{"type":"plan.created"}}
{"ts":"2026-04-16T06:28:31.335Z","level":"INFO","step":"webhook_received","data":{"url":"http://localhost:3000/webhook"}}
{"ts":"2026-04-16T06:28:31.341Z","level":"INFO","step":"signature_verified"}
{"ts":"2026-04-16T06:28:31.352Z","level":"INFO","step":"event_parsed","data":{"type":"price.created"}}
{"ts":"2026-04-16T06:28:31.355Z","level":"INFO","step":"event_ignored","data":{"type":"price.created"}}
{"ts":"2026-04-16T06:28:31.379Z","level":"INFO","step":"webhook_received","data":{"url":"http://localhost:3000/webhook"}}
{"ts":"2026-04-16T06:28:31.384Z","level":"INFO","step":"signature_verified"}
{"ts":"2026-04-16T06:28:31.386Z","level":"INFO","step":"event_parsed","data":{"type":"product.created"}}
{"ts":"2026-04-16T06:28:31.388Z","level":"INFO","step":"event_ignored","data":{"type":"product.created"}}
{"ts":"2026-04-16T06:28:33.293Z","level":"INFO","step":"webhook_received","data":{"url":"http://localhost:3000/webhook"}}
{"ts":"2026-04-16T06:28:33.295Z","level":"INFO","step":"signature_verified"}
{"ts":"2026-04-16T06:28:33.296Z","level":"INFO","step":"event_parsed","data":{"type":"payment_intent.created"}}
{"ts":"2026-04-16T06:28:33.298Z","level":"INFO","step":"event_ignored","data":{"type":"payment_intent.created"}}
{"ts":"2026-04-16T06:28:33.347Z","level":"INFO","step":"webhook_received","data":{"url":"http://localhost:3000/webhook"}}
{"ts":"2026-04-16T06:28:33.350Z","level":"INFO","step":"signature_verified"}
{"ts":"2026-04-16T06:28:33.351Z","level":"INFO","step":"event_parsed","data":{"type":"customer.updated"}}
{"ts":"2026-04-16T06:28:33.353Z","level":"INFO","step":"event_ignored","data":{"type":"customer.updated"}}
{"ts":"2026-04-16T06:28:33.548Z","level":"INFO","step":"webhook_received","data":{"url":"http://localhost:3000/webhook"}}
{"ts":"2026-04-16T06:28:33.552Z","level":"INFO","step":"signature_verified"}
{"ts":"2026-04-16T06:28:33.553Z","level":"INFO","step":"event_parsed","data":{"type":"customer.subscription.created"}}
{"ts":"2026-04-16T06:28:33.555Z","level":"INFO","step":"event_ignored","data":{"type":"customer.subscription.created"}}
{"ts":"2026-04-16T06:28:33.697Z","level":"INFO","step":"webhook_received","data":{"url":"http://localhost:3000/webhook"}}
{"ts":"2026-04-16T06:28:33.699Z","level":"INFO","step":"signature_verified"}
{"ts":"2026-04-16T06:28:33.702Z","level":"INFO","step":"event_parsed","data":{"type":"invoice.created"}}
{"ts":"2026-04-16T06:28:33.708Z","level":"INFO","step":"event_ignored","data":{"type":"invoice.created"}}
{"ts":"2026-04-16T06:28:33.800Z","level":"INFO","step":"webhook_received","data":{"url":"http://localhost:3000/webhook"}}
{"ts":"2026-04-16T06:28:33.804Z","level":"INFO","step":"signature_verified"}
{"ts":"2026-04-16T06:28:33.805Z","level":"INFO","step":"event_parsed","data":{"type":"invoice.finalized"}}
{"ts":"2026-04-16T06:28:33.807Z","level":"INFO","step":"event_ignored","data":{"type":"invoice.finalized"}}
{"ts":"2026-04-16T06:28:50.686Z","level":"INFO","step":"webhook_received","data":{"url":"http://localhost:3000/webhook"}}
{"ts":"2026-04-16T06:28:50.694Z","level":"INFO","step":"signature_verified"}
{"ts":"2026-04-16T06:28:50.695Z","level":"INFO","step":"event_parsed","data":{"type":"payment_intent.created"}}
{"ts":"2026-04-16T06:28:50.698Z","level":"INFO","step":"event_ignored","data":{"type":"payment_intent.created"}}
{"ts":"2026-04-16T06:29:04.665Z","level":"INFO","step":"webhook_received","data":{"url":"http://localhost:3000/webhook"}}
{"ts":"2026-04-16T06:29:04.668Z","level":"INFO","step":"signature_verified"}
{"ts":"2026-04-16T06:29:04.670Z","level":"INFO","step":"event_parsed","data":{"type":"payment_intent.succeeded"}}
{"ts":"2026-04-16T06:29:04.671Z","level":"INFO","step":"processing_payment_intent","data":{"id":"pi_3TMjPpRmprXzbwmi0TWCsS2J","status":"succeeded","amount":2500,"metadata":{"location_id":"NikJ6tAcHSe8UCLgYMqM","email":"ticutejum@mailinator.com","frequency":"once","name":"Aaron Walls"}}}
{"ts":"2026-04-16T06:29:04.673Z","level":"INFO","step":"fetching_payment_method","data":{"paymentMethodId":"pm_1TMjQBRmprXzbwmi5jLCT3dS"}}
{"ts":"2026-04-16T06:29:05.331Z","level":"INFO","step":"payment_method_resolved","data":{"paymentMethod":"card"}}
{"ts":"2026-04-16T06:29:05.333Z","level":"INFO","step":"creating_donation","data":{"name":"Aaron Walls","email":"ticutejum@mailinator.com","amountInCents":2500,"paymentMethod":"card","locationId":"NikJ6tAcHSe8UCLgYMqM","status":"succeeded"}}
{"ts":"2026-04-16T06:29:07.151Z","level":"INFO","step":"donation_saved","data":{"donationId":164753,"created":true,"updated":false}}
{"ts":"2026-04-16T06:29:07.152Z","level":"INFO","step":"sending_to_ghl","data":{"url":"https://services.leadconnectorhq.com/hooks/NikJ6tAcHSe8UCLgYMqM/webhook-trigger/cde07360-02a1-4457-8790-969d414106c9"}}
{"ts":"2026-04-16T06:29:07.407Z","level":"INFO","step":"webhook_received","data":{"url":"http://localhost:3000/webhook"}}
{"ts":"2026-04-16T06:29:07.409Z","level":"INFO","step":"signature_verified"}
{"ts":"2026-04-16T06:29:07.410Z","level":"INFO","step":"event_parsed","data":{"type":"charge.updated"}}
{"ts":"2026-04-16T06:29:07.411Z","level":"INFO","step":"event_ignored","data":{"type":"charge.updated"}}
{"ts":"2026-04-16T06:29:07.925Z","level":"INFO","step":"ghl_response","data":{"status":200,"ok":true}}
{"ts":"2026-04-16T06:29:10.803Z","level":"INFO","step":"webhook_received","data":{"url":"http://localhost:3000/webhook"}}
{"ts":"2026-04-16T06:29:10.804Z","level":"INFO","step":"signature_verified"}
{"ts":"2026-04-16T06:29:10.805Z","level":"INFO","step":"event_parsed","data":{"type":"charge.succeeded"}}
{"ts":"2026-04-16T06:29:10.807Z","level":"INFO","step":"event_ignored","data":{"type":"charge.succeeded"}}
{"ts":"2026-04-16T07:07:32.523Z","level":"INFO","step":"webhook_received","data":{"url":"http://localhost:3000/webhook"}}
{"ts":"2026-04-16T07:07:32.529Z","level":"INFO","step":"signature_verified"}
{"ts":"2026-04-16T07:07:32.531Z","level":"INFO","step":"event_parsed","data":{"type":"payment_intent.created"}}
{"ts":"2026-04-16T07:07:32.532Z","level":"INFO","step":"event_ignored","data":{"type":"payment_intent.created"}}
{"ts":"2026-04-16T07:07:32.857Z","level":"INFO","step":"webhook_received","data":{"url":"http://localhost:3000/webhook"}}
{"ts":"2026-04-16T07:07:32.862Z","level":"INFO","step":"signature_verified"}
{"ts":"2026-04-16T07:07:32.864Z","level":"INFO","step":"event_parsed","data":{"type":"payment_intent.created"}}
{"ts":"2026-04-16T07:07:32.866Z","level":"INFO","step":"event_ignored","data":{"type":"payment_intent.created"}}
{"ts":"2026-04-16T07:07:55.588Z","level":"INFO","step":"webhook_received","data":{"url":"http://localhost:3000/webhook"}}
{"ts":"2026-04-16T07:07:55.589Z","level":"INFO","step":"signature_verified"}
{"ts":"2026-04-16T07:07:55.590Z","level":"INFO","step":"event_parsed","data":{"type":"payment_intent.succeeded"}}
{"ts":"2026-04-16T07:07:55.591Z","level":"INFO","step":"processing_payment_intent","data":{"id":"pi_3TMk1QRmprXzbwmi1tMftACi","status":"succeeded","amount":2500,"metadata":{"location_id":"NikJ6tAcHSe8UCLgYMqM","email":"Test@gmail.com","frequency":"once","name":"test Stripe"}}}
{"ts":"2026-04-16T07:07:55.593Z","level":"INFO","step":"fetching_payment_method","data":{"paymentMethodId":"pm_1TMk1mRmprXzbwmiMiywuGGp"}}
{"ts":"2026-04-16T07:07:55.742Z","level":"INFO","step":"webhook_received","data":{"url":"http://localhost:3000/webhook"}}
{"ts":"2026-04-16T07:07:55.743Z","level":"INFO","step":"signature_verified"}
{"ts":"2026-04-16T07:07:55.745Z","level":"INFO","step":"event_parsed","data":{"type":"charge.succeeded"}}
{"ts":"2026-04-16T07:07:55.746Z","level":"INFO","step":"event_ignored","data":{"type":"charge.succeeded"}}
{"ts":"2026-04-16T07:07:56.237Z","level":"INFO","step":"payment_method_resolved","data":{"paymentMethod":"card"}}
{"ts":"2026-04-16T07:07:56.238Z","level":"INFO","step":"creating_donation","data":{"name":"test Stripe","email":"Test@gmail.com","amountInCents":2500,"paymentMethod":"card","locationId":"NikJ6tAcHSe8UCLgYMqM","status":"succeeded"}}
{"ts":"2026-04-16T07:07:58.390Z","level":"INFO","step":"donation_saved","data":{"donationId":164754,"created":false,"updated":true}}
{"ts":"2026-04-16T07:07:58.391Z","level":"INFO","step":"sending_to_ghl","data":{"url":"https://services.leadconnectorhq.com/hooks/NikJ6tAcHSe8UCLgYMqM/webhook-trigger/cde07360-02a1-4457-8790-969d414106c9"}}
{"ts":"2026-04-16T07:07:58.402Z","level":"INFO","step":"webhook_received","data":{"url":"http://localhost:3000/webhook"}}
{"ts":"2026-04-16T07:07:58.403Z","level":"INFO","step":"signature_verified"}
{"ts":"2026-04-16T07:07:58.404Z","level":"INFO","step":"event_parsed","data":{"type":"charge.updated"}}
{"ts":"2026-04-16T07:07:58.405Z","level":"INFO","step":"event_ignored","data":{"type":"charge.updated"}}
{"ts":"2026-04-16T07:07:59.536Z","level":"INFO","step":"ghl_response","data":{"status":200,"ok":true}}
{"ts":"2026-04-16T09:51:11.240Z","level":"INFO","step":"webhook_received","data":{"url":"http://localhost:3000/webhook"}}
{"ts":"2026-04-16T09:51:11.245Z","level":"INFO","step":"signature_verified"}
{"ts":"2026-04-16T09:51:11.247Z","level":"INFO","step":"event_parsed","data":{"type":"payment_intent.created"}}
{"ts":"2026-04-16T09:51:11.249Z","level":"INFO","step":"event_ignored","data":{"type":"payment_intent.created"}}
{"ts":"2026-04-16T09:51:11.919Z","level":"INFO","step":"webhook_received","data":{"url":"http://localhost:3000/webhook"}}
{"ts":"2026-04-16T09:51:11.920Z","level":"INFO","step":"signature_verified"}
{"ts":"2026-04-16T09:51:11.921Z","level":"INFO","step":"event_parsed","data":{"type":"customer.created"}}
{"ts":"2026-04-16T09:51:11.922Z","level":"INFO","step":"event_ignored","data":{"type":"customer.created"}}
{"ts":"2026-04-16T09:51:12.671Z","level":"INFO","step":"webhook_received","data":{"url":"http://localhost:3000/webhook"}}
{"ts":"2026-04-16T09:51:12.672Z","level":"INFO","step":"signature_verified"}
{"ts":"2026-04-16T09:51:12.673Z","level":"INFO","step":"event_parsed","data":{"type":"price.created"}}
{"ts":"2026-04-16T09:51:12.674Z","level":"INFO","step":"event_ignored","data":{"type":"price.created"}}
{"ts":"2026-04-16T09:51:12.730Z","level":"INFO","step":"webhook_received","data":{"url":"http://localhost:3000/webhook"}}
{"ts":"2026-04-16T09:51:12.732Z","level":"INFO","step":"signature_verified"}
{"ts":"2026-04-16T09:51:12.733Z","level":"INFO","step":"event_parsed","data":{"type":"plan.created"}}
{"ts":"2026-04-16T09:51:12.734Z","level":"INFO","step":"event_ignored","data":{"type":"plan.created"}}
{"ts":"2026-04-16T09:51:12.747Z","level":"INFO","step":"webhook_received","data":{"url":"http://localhost:3000/webhook"}}
{"ts":"2026-04-16T09:51:12.750Z","level":"INFO","step":"signature_verified"}
{"ts":"2026-04-16T09:51:12.751Z","level":"INFO","step":"event_parsed","data":{"type":"product.created"}}
{"ts":"2026-04-16T09:51:12.752Z","level":"INFO","step":"event_ignored","data":{"type":"product.created"}}
{"ts":"2026-04-16T09:51:14.609Z","level":"INFO","step":"webhook_received","data":{"url":"http://localhost:3000/webhook"}}
{"ts":"2026-04-16T09:51:14.611Z","level":"INFO","step":"signature_verified"}
{"ts":"2026-04-16T09:51:14.613Z","level":"INFO","step":"event_parsed","data":{"type":"payment_intent.created"}}
{"ts":"2026-04-16T09:51:14.614Z","level":"INFO","step":"event_ignored","data":{"type":"payment_intent.created"}}
{"ts":"2026-04-16T09:51:14.672Z","level":"INFO","step":"webhook_received","data":{"url":"http://localhost:3000/webhook"}}
{"ts":"2026-04-16T09:51:14.674Z","level":"INFO","step":"signature_verified"}
{"ts":"2026-04-16T09:51:14.675Z","level":"INFO","step":"event_parsed","data":{"type":"customer.updated"}}
{"ts":"2026-04-16T09:51:14.677Z","level":"INFO","step":"event_ignored","data":{"type":"customer.updated"}}
{"ts":"2026-04-16T09:51:14.946Z","level":"INFO","step":"webhook_received","data":{"url":"http://localhost:3000/webhook"}}
{"ts":"2026-04-16T09:51:14.949Z","level":"INFO","step":"signature_verified"}
{"ts":"2026-04-16T09:51:14.951Z","level":"INFO","step":"event_parsed","data":{"type":"invoice.created"}}
{"ts":"2026-04-16T09:51:14.954Z","level":"INFO","step":"event_ignored","data":{"type":"invoice.created"}}
{"ts":"2026-04-16T09:51:15.078Z","level":"INFO","step":"webhook_received","data":{"url":"http://localhost:3000/webhook"}}
{"ts":"2026-04-16T09:51:15.080Z","level":"INFO","step":"signature_verified"}
{"ts":"2026-04-16T09:51:15.083Z","level":"INFO","step":"event_parsed","data":{"type":"invoice.finalized"}}
{"ts":"2026-04-16T09:51:15.085Z","level":"INFO","step":"event_ignored","data":{"type":"invoice.finalized"}}
{"ts":"2026-04-16T09:54:03.006Z","level":"INFO","step":"webhook_received","data":{"url":"http://localhost:3000/webhook"}}
{"ts":"2026-04-16T09:54:03.008Z","level":"INFO","step":"signature_verified"}
{"ts":"2026-04-16T09:54:03.009Z","level":"INFO","step":"event_parsed","data":{"type":"plan.created"}}
{"ts":"2026-04-16T09:54:03.010Z","level":"INFO","step":"event_ignored","data":{"type":"plan.created"}}
{"ts":"2026-04-16T09:54:03.090Z","level":"INFO","step":"webhook_received","data":{"url":"http://localhost:3000/webhook"}}
{"ts":"2026-04-16T09:54:03.092Z","level":"INFO","step":"signature_verified"}
{"ts":"2026-04-16T09:54:03.093Z","level":"INFO","step":"event_parsed","data":{"type":"price.created"}}
{"ts":"2026-04-16T09:54:03.095Z","level":"INFO","step":"event_ignored","data":{"type":"price.created"}}
{"ts":"2026-04-16T09:54:03.141Z","level":"INFO","step":"webhook_received","data":{"url":"http://localhost:3000/webhook"}}
{"ts":"2026-04-16T09:54:03.144Z","level":"INFO","step":"signature_verified"}
{"ts":"2026-04-16T09:54:03.145Z","level":"INFO","step":"event_parsed","data":{"type":"product.created"}}
{"ts":"2026-04-16T09:54:03.146Z","level":"INFO","step":"event_ignored","data":{"type":"product.created"}}
{"ts":"2026-04-16T09:54:03.362Z","level":"INFO","step":"webhook_received","data":{"url":"http://localhost:3000/webhook"}}
{"ts":"2026-04-16T09:54:03.363Z","level":"INFO","step":"signature_verified"}
{"ts":"2026-04-16T09:54:03.364Z","level":"INFO","step":"event_parsed","data":{"type":"customer.created"}}
{"ts":"2026-04-16T09:54:03.366Z","level":"INFO","step":"event_ignored","data":{"type":"customer.created"}}
{"ts":"2026-04-16T09:54:05.569Z","level":"INFO","step":"webhook_received","data":{"url":"http://localhost:3000/webhook"}}
{"ts":"2026-04-16T09:54:05.570Z","level":"INFO","step":"signature_verified"}
{"ts":"2026-04-16T09:54:05.571Z","level":"INFO","step":"event_parsed","data":{"type":"payment_intent.created"}}
{"ts":"2026-04-16T09:54:05.572Z","level":"INFO","step":"event_ignored","data":{"type":"payment_intent.created"}}
{"ts":"2026-04-16T09:54:05.649Z","level":"INFO","step":"webhook_received","data":{"url":"http://localhost:3000/webhook"}}
{"ts":"2026-04-16T09:54:05.650Z","level":"INFO","step":"signature_verified"}
{"ts":"2026-04-16T09:54:05.651Z","level":"INFO","step":"event_parsed","data":{"type":"customer.updated"}}
{"ts":"2026-04-16T09:54:05.652Z","level":"INFO","step":"event_ignored","data":{"type":"customer.updated"}}
{"ts":"2026-04-16T09:54:05.840Z","level":"INFO","step":"webhook_received","data":{"url":"http://localhost:3000/webhook"}}
{"ts":"2026-04-16T09:54:05.841Z","level":"INFO","step":"signature_verified"}
{"ts":"2026-04-16T09:54:05.842Z","level":"INFO","step":"event_parsed","data":{"type":"customer.subscription.created"}}
{"ts":"2026-04-16T09:54:05.843Z","level":"INFO","step":"event_ignored","data":{"type":"customer.subscription.created"}}
{"ts":"2026-04-16T09:54:05.988Z","level":"INFO","step":"webhook_received","data":{"url":"http://localhost:3000/webhook"}}
{"ts":"2026-04-16T09:54:05.989Z","level":"INFO","step":"signature_verified"}
{"ts":"2026-04-16T09:54:05.990Z","level":"INFO","step":"event_parsed","data":{"type":"invoice.created"}}
{"ts":"2026-04-16T09:54:05.991Z","level":"INFO","step":"event_ignored","data":{"type":"invoice.created"}}
{"ts":"2026-04-16T09:54:06.098Z","level":"INFO","step":"webhook_received","data":{"url":"http://localhost:3000/webhook"}}
{"ts":"2026-04-16T09:54:06.100Z","level":"INFO","step":"signature_verified"}
{"ts":"2026-04-16T09:54:06.102Z","level":"INFO","step":"event_parsed","data":{"type":"invoice.finalized"}}
{"ts":"2026-04-16T09:54:06.103Z","level":"INFO","step":"event_ignored","data":{"type":"invoice.finalized"}}
{"ts":"2026-04-16T11:43:01.527Z","level":"INFO","step":"webhook_received","data":{"url":"http://localhost:3000/webhook"}}
{"ts":"2026-04-16T11:43:01.531Z","level":"INFO","step":"signature_verified"}
{"ts":"2026-04-16T11:43:01.534Z","level":"INFO","step":"event_parsed","data":{"type":"payment_intent.created"}}
{"ts":"2026-04-16T11:43:01.536Z","level":"INFO","step":"event_ignored","data":{"type":"payment_intent.created"}}
{"ts":"2026-04-16T11:43:46.626Z","level":"INFO","step":"webhook_received","data":{"url":"http://localhost:3000/webhook"}}
{"ts":"2026-04-16T11:43:46.627Z","level":"INFO","step":"signature_verified"}
{"ts":"2026-04-16T11:43:46.628Z","level":"INFO","step":"event_parsed","data":{"type":"payment_intent.created"}}
{"ts":"2026-04-16T11:43:46.629Z","level":"INFO","step":"event_ignored","data":{"type":"payment_intent.created"}}
{"ts":"2026-04-16T12:08:59.903Z","level":"INFO","step":"webhook_received","data":{"url":"http://localhost:3000/webhook"}}
{"ts":"2026-04-16T12:08:59.907Z","level":"INFO","step":"signature_verified"}
{"ts":"2026-04-16T12:08:59.914Z","level":"INFO","step":"event_parsed","data":{"type":"invoice.updated"}}
{"ts":"2026-04-16T12:08:59.915Z","level":"INFO","step":"event_ignored","data":{"type":"invoice.updated"}}
{"ts":"2026-04-16T12:09:00.209Z","level":"INFO","step":"webhook_received","data":{"url":"http://localhost:3000/webhook"}}
{"ts":"2026-04-16T12:09:00.212Z","level":"INFO","step":"signature_verified"}
{"ts":"2026-04-16T12:09:00.213Z","level":"INFO","step":"event_parsed","data":{"type":"invoice.voided"}}
{"ts":"2026-04-16T12:09:00.215Z","level":"INFO","step":"event_ignored","data":{"type":"invoice.voided"}}
{"ts":"2026-04-16T12:09:00.320Z","level":"INFO","step":"webhook_received","data":{"url":"http://localhost:3000/webhook"}}
{"ts":"2026-04-16T12:09:00.322Z","level":"INFO","step":"signature_verified"}
{"ts":"2026-04-16T12:09:00.324Z","level":"INFO","step":"event_parsed","data":{"type":"payment_intent.canceled"}}
{"ts":"2026-04-16T12:09:00.325Z","level":"INFO","step":"event_ignored","data":{"type":"payment_intent.canceled"}}
{"ts":"2026-04-16T12:09:00.344Z","level":"INFO","step":"webhook_received","data":{"url":"http://localhost:3000/webhook"}}
{"ts":"2026-04-16T12:09:00.349Z","level":"INFO","step":"signature_verified"}
{"ts":"2026-04-16T12:09:00.351Z","level":"INFO","step":"event_parsed","data":{"type":"customer.subscription.updated"}}
{"ts":"2026-04-16T12:09:00.352Z","level":"INFO","step":"event_ignored","data":{"type":"customer.subscription.updated"}}
{"ts":"2026-04-16T12:09:03.488Z","level":"INFO","step":"webhook_received","data":{"url":"http://localhost:3000/webhook"}}
{"ts":"2026-04-16T12:09:03.490Z","level":"INFO","step":"signature_verified"}
{"ts":"2026-04-16T12:09:03.492Z","level":"INFO","step":"event_parsed","data":{"type":"invoice.updated"}}
{"ts":"2026-04-16T12:09:03.493Z","level":"INFO","step":"event_ignored","data":{"type":"invoice.updated"}}
{"ts":"2026-04-16T12:09:03.804Z","level":"INFO","step":"webhook_received","data":{"url":"http://localhost:3000/webhook"}}
{"ts":"2026-04-16T12:09:03.806Z","level":"INFO","step":"signature_verified"}
{"ts":"2026-04-16T12:09:03.809Z","level":"INFO","step":"event_parsed","data":{"type":"invoice.voided"}}
{"ts":"2026-04-16T12:09:03.810Z","level":"INFO","step":"event_ignored","data":{"type":"invoice.voided"}}
{"ts":"2026-04-16T12:09:04.265Z","level":"INFO","step":"webhook_received","data":{"url":"http://localhost:3000/webhook"}}
{"ts":"2026-04-16T12:09:04.267Z","level":"INFO","step":"signature_verified"}
{"ts":"2026-04-16T12:09:04.268Z","level":"INFO","step":"event_parsed","data":{"type":"payment_intent.canceled"}}
{"ts":"2026-04-16T12:09:04.270Z","level":"INFO","step":"event_ignored","data":{"type":"payment_intent.canceled"}}
{"ts":"2026-04-16T12:09:04.284Z","level":"INFO","step":"webhook_received","data":{"url":"http://localhost:3000/webhook"}}
{"ts":"2026-04-16T12:09:04.286Z","level":"INFO","step":"signature_verified"}
{"ts":"2026-04-16T12:09:04.287Z","level":"INFO","step":"event_parsed","data":{"type":"customer.subscription.updated"}}
{"ts":"2026-04-16T12:09:04.290Z","level":"INFO","step":"event_ignored","data":{"type":"customer.subscription.updated"}}
{"ts":"2026-04-16T12:17:05.541Z","level":"INFO","step":"webhook_received","data":{"url":"http://localhost:3000/webhook"}}
{"ts":"2026-04-16T12:17:05.545Z","level":"INFO","step":"signature_verified"}
{"ts":"2026-04-16T12:17:05.546Z","level":"INFO","step":"event_parsed","data":{"type":"invoice.updated"}}
{"ts":"2026-04-16T12:17:05.548Z","level":"INFO","step":"event_ignored","data":{"type":"invoice.updated"}}
{"ts":"2026-04-16T12:17:05.748Z","level":"INFO","step":"webhook_received","data":{"url":"http://localhost:3000/webhook"}}
{"ts":"2026-04-16T12:17:05.750Z","level":"INFO","step":"signature_verified"}
{"ts":"2026-04-16T12:17:05.751Z","level":"INFO","step":"event_parsed","data":{"type":"invoice.updated"}}
{"ts":"2026-04-16T12:17:05.753Z","level":"INFO","step":"event_ignored","data":{"type":"invoice.updated"}}
{"ts":"2026-04-16T12:17:05.912Z","level":"INFO","step":"webhook_received","data":{"url":"http://localhost:3000/webhook"}}
{"ts":"2026-04-16T12:17:05.913Z","level":"INFO","step":"signature_verified"}
{"ts":"2026-04-16T12:17:05.914Z","level":"INFO","step":"event_parsed","data":{"type":"invoice.voided"}}
{"ts":"2026-04-16T12:17:05.915Z","level":"INFO","step":"event_ignored","data":{"type":"invoice.voided"}}
{"ts":"2026-04-16T12:17:06.022Z","level":"INFO","step":"webhook_received","data":{"url":"http://localhost:3000/webhook"}}
{"ts":"2026-04-16T12:17:06.024Z","level":"INFO","step":"signature_verified"}
{"ts":"2026-04-16T12:17:06.025Z","level":"INFO","step":"event_parsed","data":{"type":"invoice.voided"}}
{"ts":"2026-04-16T12:17:06.026Z","level":"INFO","step":"event_ignored","data":{"type":"invoice.voided"}}
{"ts":"2026-04-16T12:17:06.073Z","level":"INFO","step":"webhook_received","data":{"url":"http://localhost:3000/webhook"}}
{"ts":"2026-04-16T12:17:06.074Z","level":"INFO","step":"signature_verified"}
{"ts":"2026-04-16T12:17:06.075Z","level":"INFO","step":"event_parsed","data":{"type":"payment_intent.canceled"}}
{"ts":"2026-04-16T12:17:06.076Z","level":"INFO","step":"event_ignored","data":{"type":"payment_intent.canceled"}}
{"ts":"2026-04-16T12:17:06.117Z","level":"INFO","step":"webhook_received","data":{"url":"http://localhost:3000/webhook"}}
{"ts":"2026-04-16T12:17:06.118Z","level":"INFO","step":"signature_verified"}
{"ts":"2026-04-16T12:17:06.120Z","level":"INFO","step":"event_parsed","data":{"type":"customer.subscription.updated"}}
{"ts":"2026-04-16T12:17:06.120Z","level":"INFO","step":"event_ignored","data":{"type":"customer.subscription.updated"}}
{"ts":"2026-04-16T12:17:06.147Z","level":"INFO","step":"webhook_received","data":{"url":"http://localhost:3000/webhook"}}
{"ts":"2026-04-16T12:17:06.149Z","level":"INFO","step":"signature_verified"}
{"ts":"2026-04-16T12:17:06.150Z","level":"INFO","step":"event_parsed","data":{"type":"customer.subscription.updated"}}
{"ts":"2026-04-16T12:17:06.151Z","level":"INFO","step":"event_ignored","data":{"type":"customer.subscription.updated"}}
{"ts":"2026-04-16T12:17:12.781Z","level":"INFO","step":"webhook_received","data":{"url":"http://localhost:3000/webhook"}}
{"ts":"2026-04-16T12:17:12.783Z","level":"INFO","step":"signature_verified"}
{"ts":"2026-04-16T12:17:12.785Z","level":"INFO","step":"event_parsed","data":{"type":"payment_intent.canceled"}}
{"ts":"2026-04-16T12:17:12.786Z","level":"INFO","step":"event_ignored","data":{"type":"payment_intent.canceled"}}
{"ts":"2026-04-16T12:21:08.222Z","level":"INFO","step":"webhook_received","data":{"url":"http://localhost:3000/webhook"}}
{"ts":"2026-04-16T12:21:08.224Z","level":"INFO","step":"signature_verified"}
{"ts":"2026-04-16T12:21:08.226Z","level":"INFO","step":"event_parsed","data":{"type":"invoice.updated"}}
{"ts":"2026-04-16T12:21:08.227Z","level":"INFO","step":"event_ignored","data":{"type":"invoice.updated"}}
{"ts":"2026-04-16T12:21:08.339Z","level":"INFO","step":"webhook_received","data":{"url":"http://localhost:3000/webhook"}}
{"ts":"2026-04-16T12:21:08.341Z","level":"INFO","step":"signature_verified"}
{"ts":"2026-04-16T12:21:08.342Z","level":"INFO","step":"event_parsed","data":{"type":"invoice.voided"}}
{"ts":"2026-04-16T12:21:08.343Z","level":"INFO","step":"event_ignored","data":{"type":"invoice.voided"}}
{"ts":"2026-04-16T12:21:08.501Z","level":"INFO","step":"webhook_received","data":{"url":"http://localhost:3000/webhook"}}
{"ts":"2026-04-16T12:21:08.503Z","level":"INFO","step":"signature_verified"}
{"ts":"2026-04-16T12:21:08.504Z","level":"INFO","step":"event_parsed","data":{"type":"payment_intent.canceled"}}
{"ts":"2026-04-16T12:21:08.505Z","level":"INFO","step":"event_ignored","data":{"type":"payment_intent.canceled"}}
{"ts":"2026-04-16T12:21:08.592Z","level":"INFO","step":"webhook_received","data":{"url":"http://localhost:3000/webhook"}}
{"ts":"2026-04-16T12:21:08.594Z","level":"INFO","step":"signature_verified"}
{"ts":"2026-04-16T12:21:08.595Z","level":"INFO","step":"event_parsed","data":{"type":"customer.subscription.updated"}}
{"ts":"2026-04-16T12:21:08.596Z","level":"INFO","step":"event_ignored","data":{"type":"customer.subscription.updated"}}
{"ts":"2026-04-28T15:14:55.090Z","level":"INFO","step":"webhook_received","data":{"url":"http://localhost:3000/webhook"}}
{"ts":"2026-04-28T15:14:55.108Z","level":"INFO","step":"signature_verified"}
{"ts":"2026-04-28T15:14:55.113Z","level":"INFO","step":"event_parsed","data":{"type":"payment_intent.created"}}
{"ts":"2026-04-28T15:14:55.115Z","level":"INFO","step":"event_ignored","data":{"type":"payment_intent.created"}}
{"ts":"2026-04-28T15:14:55.143Z","level":"INFO","step":"webhook_received","data":{"url":"http://localhost:3000/webhook"}}
{"ts":"2026-04-28T15:14:55.146Z","level":"INFO","step":"signature_verified"}
{"ts":"2026-04-28T15:14:55.148Z","level":"INFO","step":"event_parsed","data":{"type":"payment_intent.created"}}
{"ts":"2026-04-28T15:14:55.151Z","level":"INFO","step":"event_ignored","data":{"type":"payment_intent.created"}}
{"ts":"2026-04-28T15:15:09.518Z","level":"INFO","step":"webhook_received","data":{"url":"http://localhost:3000/webhook"}}
{"ts":"2026-04-28T15:15:09.520Z","level":"INFO","step":"signature_verified"}
{"ts":"2026-04-28T15:15:09.521Z","level":"INFO","step":"event_parsed","data":{"type":"payment_intent.succeeded"}}
{"ts":"2026-04-28T15:15:09.522Z","level":"INFO","step":"processing_payment_intent","data":{"id":"pi_3TRDLbRmprXzbwmi0EKgDkMa","status":"succeeded","amount":2500,"metadata":{"location_id":"NikJ6tAcHSe8UCLgYMqM","heard_about":"retreat","newsletter":"yes","memory_honor":"honor","frequency":"once","country":"IN","address":"Eligendi cillum in i","email":"wihi@mailinator.com","state":"Ipsa sequi temporib","city":"Delectus est earum","postal":"160002","name":"Eric Morin","memory_name":""}}}
{"ts":"2026-04-28T15:15:09.524Z","level":"INFO","step":"fetching_payment_method","data":{"paymentMethodId":"pm_1TRDLsRmprXzbwmikm9We1Le"}}
{"ts":"2026-04-28T15:15:09.538Z","level":"INFO","step":"webhook_received","data":{"url":"http://localhost:3000/webhook"}}
{"ts":"2026-04-28T15:15:09.539Z","level":"INFO","step":"signature_verified"}
{"ts":"2026-04-28T15:15:09.541Z","level":"INFO","step":"event_parsed","data":{"type":"charge.succeeded"}}
{"ts":"2026-04-28T15:15:09.541Z","level":"INFO","step":"event_ignored","data":{"type":"charge.succeeded"}}
{"ts":"2026-04-28T15:15:10.442Z","level":"INFO","step":"payment_method_resolved","data":{"paymentMethod":"card"}}
{"ts":"2026-04-28T15:15:10.443Z","level":"INFO","step":"creating_donation","data":{"name":"Eric Morin","email":"wihi@mailinator.com","amountInCents":2500,"paymentMethod":"card","locationId":"NikJ6tAcHSe8UCLgYMqM","status":"succeeded"}}
{"ts":"2026-04-28T15:15:12.420Z","level":"INFO","step":"webhook_received","data":{"url":"http://localhost:3000/webhook"}}
{"ts":"2026-04-28T15:15:12.423Z","level":"INFO","step":"signature_verified"}
{"ts":"2026-04-28T15:15:12.425Z","level":"INFO","step":"event_parsed","data":{"type":"charge.updated"}}
{"ts":"2026-04-28T15:15:12.427Z","level":"INFO","step":"event_ignored","data":{"type":"charge.updated"}}
{"ts":"2026-04-28T15:15:13.759Z","level":"INFO","step":"donation_saved","data":{"donationId":164925,"created":true,"updated":false,"skipped":false}}
{"ts":"2026-04-28T15:15:13.760Z","level":"INFO","step":"sending_to_ghl","data":{"url":"https://services.leadconnectorhq.com/hooks/NikJ6tAcHSe8UCLgYMqM/webhook-trigger/cde07360-02a1-4457-8790-969d414106c9"}}
{"ts":"2026-04-28T15:15:14.930Z","level":"INFO","step":"ghl_response","data":{"status":200,"ok":true}}
{"ts":"2026-04-28T15:15:21.255Z","level":"INFO","step":"webhook_received","data":{"url":"http://localhost:3000/webhook"}}
{"ts":"2026-04-28T15:15:21.256Z","level":"INFO","step":"signature_verified"}
{"ts":"2026-04-28T15:15:21.257Z","level":"INFO","step":"event_parsed","data":{"type":"payment_intent.created"}}
{"ts":"2026-04-28T15:15:21.258Z","level":"INFO","step":"event_ignored","data":{"type":"payment_intent.created"}}
{"ts":"2026-04-28T15:15:22.696Z","level":"INFO","step":"webhook_received","data":{"url":"http://localhost:3000/webhook"}}
{"ts":"2026-04-28T15:15:22.698Z","level":"INFO","step":"signature_verified"}
{"ts":"2026-04-28T15:15:22.699Z","level":"INFO","step":"event_parsed","data":{"type":"payment_intent.created"}}
{"ts":"2026-04-28T15:15:22.700Z","level":"INFO","step":"event_ignored","data":{"type":"payment_intent.created"}}
{"ts":"2026-04-29T11:09:24.095Z","level":"INFO","step":"webhook_received","data":{"url":"http://localhost:3000/webhook"}}
{"ts":"2026-04-29T11:09:24.155Z","level":"INFO","step":"signature_verified"}
{"ts":"2026-04-29T11:09:24.209Z","level":"INFO","step":"event_parsed","data":{"type":"invoice.updated"}}
{"ts":"2026-04-29T11:09:24.210Z","level":"INFO","step":"event_ignored","data":{"type":"invoice.updated"}}
{"ts":"2026-04-29T11:09:24.251Z","level":"INFO","step":"webhook_received","data":{"url":"http://localhost:3000/webhook"}}
{"ts":"2026-04-29T11:09:24.256Z","level":"INFO","step":"signature_verified"}
{"ts":"2026-04-29T11:09:24.257Z","level":"INFO","step":"event_parsed","data":{"type":"invoice.voided"}}
{"ts":"2026-04-29T11:09:24.259Z","level":"INFO","step":"event_ignored","data":{"type":"invoice.voided"}}
{"ts":"2026-04-29T11:09:24.296Z","level":"INFO","step":"webhook_received","data":{"url":"http://localhost:3000/webhook"}}
{"ts":"2026-04-29T11:09:24.299Z","level":"INFO","step":"signature_verified"}
{"ts":"2026-04-29T11:09:24.310Z","level":"INFO","step":"event_parsed","data":{"type":"payment_intent.canceled"}}
{"ts":"2026-04-29T11:09:24.311Z","level":"INFO","step":"event_ignored","data":{"type":"payment_intent.canceled"}}
{"ts":"2026-04-29T11:09:24.321Z","level":"INFO","step":"webhook_received","data":{"url":"http://localhost:3000/webhook"}}
{"ts":"2026-04-29T11:09:24.324Z","level":"INFO","step":"signature_verified"}
{"ts":"2026-04-29T11:09:24.325Z","level":"INFO","step":"event_parsed","data":{"type":"invoice.updated"}}
{"ts":"2026-04-29T11:09:24.326Z","level":"INFO","step":"event_ignored","data":{"type":"invoice.updated"}}
{"ts":"2026-04-29T11:09:24.337Z","level":"INFO","step":"webhook_received","data":{"url":"http://localhost:3000/webhook"}}
{"ts":"2026-04-29T11:09:24.339Z","level":"INFO","step":"signature_verified"}
{"ts":"2026-04-29T11:09:24.351Z","level":"INFO","step":"event_parsed","data":{"type":"customer.subscription.updated"}}
{"ts":"2026-04-29T11:09:24.351Z","level":"INFO","step":"event_ignored","data":{"type":"customer.subscription.updated"}}
{"ts":"2026-04-29T11:09:24.360Z","level":"INFO","step":"webhook_received","data":{"url":"http://localhost:3000/webhook"}}
{"ts":"2026-04-29T11:09:24.362Z","level":"INFO","step":"signature_verified"}
{"ts":"2026-04-29T11:09:24.363Z","level":"INFO","step":"event_parsed","data":{"type":"payment_intent.canceled"}}
{"ts":"2026-04-29T11:09:24.364Z","level":"INFO","step":"event_ignored","data":{"type":"payment_intent.canceled"}}
{"ts":"2026-04-29T11:09:24.395Z","level":"INFO","step":"webhook_received","data":{"url":"http://localhost:3000/webhook"}}
{"ts":"2026-04-29T11:09:24.398Z","level":"INFO","step":"signature_verified"}
{"ts":"2026-04-29T11:09:24.399Z","level":"INFO","step":"event_parsed","data":{"type":"invoice.voided"}}
{"ts":"2026-04-29T11:09:24.400Z","level":"INFO","step":"event_ignored","data":{"type":"invoice.voided"}}
{"ts":"2026-04-29T11:09:24.704Z","level":"INFO","step":"webhook_received","data":{"url":"http://localhost:3000/webhook"}}
{"ts":"2026-04-29T11:09:24.706Z","level":"INFO","step":"signature_verified"}
{"ts":"2026-04-29T11:09:24.707Z","level":"INFO","step":"event_parsed","data":{"type":"customer.subscription.updated"}}
{"ts":"2026-04-29T11:09:24.707Z","level":"INFO","step":"event_ignored","data":{"type":"customer.subscription.updated"}}
{"ts":"2026-04-29T13:55:31.982Z","level":"INFO","step":"webhook_received","data":{"url":"http://localhost:3000/webhook"}}
{"ts":"2026-04-29T13:55:32.036Z","level":"INFO","step":"signature_verified"}
{"ts":"2026-04-29T13:55:32.050Z","level":"INFO","step":"event_parsed","data":{"type":"invoice.voided"}}
{"ts":"2026-04-29T13:55:32.051Z","level":"INFO","step":"event_ignored","data":{"type":"invoice.voided"}}
{"ts":"2026-04-29T13:55:32.110Z","level":"INFO","step":"webhook_received","data":{"url":"http://localhost:3000/webhook"}}
{"ts":"2026-04-29T13:55:32.112Z","level":"INFO","step":"signature_verified"}
{"ts":"2026-04-29T13:55:32.114Z","level":"INFO","step":"event_parsed","data":{"type":"payment_intent.canceled"}}
{"ts":"2026-04-29T13:55:32.114Z","level":"INFO","step":"event_ignored","data":{"type":"payment_intent.canceled"}}
{"ts":"2026-04-29T13:55:32.125Z","level":"INFO","step":"webhook_received","data":{"url":"http://localhost:3000/webhook"}}
{"ts":"2026-04-29T13:55:32.128Z","level":"INFO","step":"signature_verified"}
{"ts":"2026-04-29T13:55:32.130Z","level":"INFO","step":"event_parsed","data":{"type":"invoice.updated"}}
{"ts":"2026-04-29T13:55:32.131Z","level":"INFO","step":"event_ignored","data":{"type":"invoice.updated"}}
{"ts":"2026-04-29T13:55:32.161Z","level":"INFO","step":"webhook_received","data":{"url":"http://localhost:3000/webhook"}}
{"ts":"2026-04-29T13:55:32.163Z","level":"INFO","step":"signature_verified"}
{"ts":"2026-04-29T13:55:32.163Z","level":"INFO","step":"event_parsed","data":{"type":"payment_intent.canceled"}}
{"ts":"2026-04-29T13:55:32.164Z","level":"INFO","step":"event_ignored","data":{"type":"payment_intent.canceled"}}
{"ts":"2026-04-29T13:55:32.173Z","level":"INFO","step":"webhook_received","data":{"url":"http://localhost:3000/webhook"}}
{"ts":"2026-04-29T13:55:32.175Z","level":"INFO","step":"signature_verified"}
{"ts":"2026-04-29T13:55:32.176Z","level":"INFO","step":"event_parsed","data":{"type":"invoice.updated"}}
{"ts":"2026-04-29T13:55:32.179Z","level":"INFO","step":"event_ignored","data":{"type":"invoice.updated"}}
{"ts":"2026-04-29T13:55:32.188Z","level":"INFO","step":"webhook_received","data":{"url":"http://localhost:3000/webhook"}}
{"ts":"2026-04-29T13:55:32.191Z","level":"INFO","step":"signature_verified"}
{"ts":"2026-04-29T13:55:32.194Z","level":"INFO","step":"event_parsed","data":{"type":"customer.subscription.updated"}}
{"ts":"2026-04-29T13:55:32.195Z","level":"INFO","step":"event_ignored","data":{"type":"customer.subscription.updated"}}
{"ts":"2026-04-29T13:55:32.203Z","level":"INFO","step":"webhook_received","data":{"url":"http://localhost:3000/webhook"}}
{"ts":"2026-04-29T13:55:32.204Z","level":"INFO","step":"signature_verified"}
{"ts":"2026-04-29T13:55:32.205Z","level":"INFO","step":"event_parsed","data":{"type":"invoice.voided"}}
{"ts":"2026-04-29T13:55:32.206Z","level":"INFO","step":"event_ignored","data":{"type":"invoice.voided"}}
{"ts":"2026-04-29T13:55:32.245Z","level":"INFO","step":"webhook_received","data":{"url":"http://localhost:3000/webhook"}}
{"ts":"2026-04-29T13:55:32.247Z","level":"INFO","step":"signature_verified"}
{"ts":"2026-04-29T13:55:32.248Z","level":"INFO","step":"event_parsed","data":{"type":"customer.subscription.updated"}}
{"ts":"2026-04-29T13:55:32.249Z","level":"INFO","step":"event_ignored","data":{"type":"customer.subscription.updated"}}
{"ts":"2026-04-29T13:55:35.374Z","level":"INFO","step":"webhook_received","data":{"url":"http://localhost:3000/webhook"}}
{"ts":"2026-04-29T13:55:35.375Z","level":"INFO","step":"signature_verified"}
{"ts":"2026-04-29T13:55:35.383Z","level":"INFO","step":"event_parsed","data":{"type":"invoice.updated"}}
{"ts":"2026-04-29T13:55:35.384Z","level":"INFO","step":"event_ignored","data":{"type":"invoice.updated"}}
{"ts":"2026-04-29T13:55:35.395Z","level":"INFO","step":"webhook_received","data":{"url":"http://localhost:3000/webhook"}}
{"ts":"2026-04-29T13:55:35.396Z","level":"INFO","step":"signature_verified"}
{"ts":"2026-04-29T13:55:35.397Z","level":"INFO","step":"event_parsed","data":{"type":"invoice.voided"}}
{"ts":"2026-04-29T13:55:35.398Z","level":"INFO","step":"event_ignored","data":{"type":"invoice.voided"}}
{"ts":"2026-04-29T13:55:35.406Z","level":"INFO","step":"webhook_received","data":{"url":"http://localhost:3000/webhook"}}
{"ts":"2026-04-29T13:55:35.408Z","level":"INFO","step":"signature_verified"}
{"ts":"2026-04-29T13:55:35.409Z","level":"INFO","step":"event_parsed","data":{"type":"payment_intent.canceled"}}
{"ts":"2026-04-29T13:55:35.409Z","level":"INFO","step":"event_ignored","data":{"type":"payment_intent.canceled"}}
{"ts":"2026-04-29T13:55:35.812Z","level":"INFO","step":"webhook_received","data":{"url":"http://localhost:3000/webhook"}}
{"ts":"2026-04-29T13:55:35.813Z","level":"INFO","step":"signature_verified"}
{"ts":"2026-04-29T13:55:35.814Z","level":"INFO","step":"event_parsed","data":{"type":"customer.subscription.updated"}}
{"ts":"2026-04-29T13:55:35.814Z","level":"INFO","step":"event_ignored","data":{"type":"customer.subscription.updated"}}
{"ts":"2026-04-29T13:55:36.980Z","level":"INFO","step":"webhook_received","data":{"url":"http://localhost:3000/webhook"}}
{"ts":"2026-04-29T13:55:36.981Z","level":"INFO","step":"signature_verified"}
{"ts":"2026-04-29T13:55:36.982Z","level":"INFO","step":"event_parsed","data":{"type":"invoice.updated"}}
{"ts":"2026-04-29T13:55:36.983Z","level":"INFO","step":"event_ignored","data":{"type":"invoice.updated"}}
{"ts":"2026-04-29T13:55:37.268Z","level":"INFO","step":"webhook_received","data":{"url":"http://localhost:3000/webhook"}}
{"ts":"2026-04-29T13:55:37.270Z","level":"INFO","step":"signature_verified"}
{"ts":"2026-04-29T13:55:37.271Z","level":"INFO","step":"event_parsed","data":{"type":"invoice.voided"}}
{"ts":"2026-04-29T13:55:37.271Z","level":"INFO","step":"event_ignored","data":{"type":"invoice.voided"}}
{"ts":"2026-04-29T13:55:37.277Z","level":"INFO","step":"webhook_received","data":{"url":"http://localhost:3000/webhook"}}
{"ts":"2026-04-29T13:55:37.278Z","level":"INFO","step":"signature_verified"}
{"ts":"2026-04-29T13:55:37.279Z","level":"INFO","step":"event_parsed","data":{"type":"payment_intent.canceled"}}
{"ts":"2026-04-29T13:55:37.279Z","level":"INFO","step":"event_ignored","data":{"type":"payment_intent.canceled"}}
{"ts":"2026-04-29T13:55:37.453Z","level":"INFO","step":"webhook_received","data":{"url":"http://localhost:3000/webhook"}}
{"ts":"2026-04-29T13:55:37.454Z","level":"INFO","step":"signature_verified"}
{"ts":"2026-04-29T13:55:37.455Z","level":"INFO","step":"event_parsed","data":{"type":"customer.subscription.updated"}}
{"ts":"2026-04-29T13:55:37.455Z","level":"INFO","step":"event_ignored","data":{"type":"customer.subscription.updated"}}
{"ts":"2026-04-29T13:55:39.711Z","level":"INFO","step":"webhook_received","data":{"url":"http://localhost:3000/webhook"}}
{"ts":"2026-04-29T13:55:39.712Z","level":"INFO","step":"signature_verified"}
{"ts":"2026-04-29T13:55:39.714Z","level":"INFO","step":"event_parsed","data":{"type":"invoice.updated"}}
{"ts":"2026-04-29T13:55:39.714Z","level":"INFO","step":"event_ignored","data":{"type":"invoice.updated"}}
{"ts":"2026-04-29T13:55:39.865Z","level":"INFO","step":"webhook_received","data":{"url":"http://localhost:3000/webhook"}}
{"ts":"2026-04-29T13:55:39.866Z","level":"INFO","step":"signature_verified"}
{"ts":"2026-04-29T13:55:39.867Z","level":"INFO","step":"event_parsed","data":{"type":"invoice.voided"}}
{"ts":"2026-04-29T13:55:39.867Z","level":"INFO","step":"event_ignored","data":{"type":"invoice.voided"}}
{"ts":"2026-04-29T13:55:39.976Z","level":"INFO","step":"webhook_received","data":{"url":"http://localhost:3000/webhook"}}
{"ts":"2026-04-29T13:55:39.978Z","level":"INFO","step":"signature_verified"}
{"ts":"2026-04-29T13:55:39.979Z","level":"INFO","step":"event_parsed","data":{"type":"payment_intent.canceled"}}
{"ts":"2026-04-29T13:55:39.980Z","level":"INFO","step":"event_ignored","data":{"type":"payment_intent.canceled"}}
{"ts":"2026-04-29T13:55:40.247Z","level":"INFO","step":"webhook_received","data":{"url":"http://localhost:3000/webhook"}}
{"ts":"2026-04-29T13:55:40.249Z","level":"INFO","step":"signature_verified"}
{"ts":"2026-04-29T13:55:40.250Z","level":"INFO","step":"event_parsed","data":{"type":"customer.subscription.updated"}}
{"ts":"2026-04-29T13:55:40.251Z","level":"INFO","step":"event_ignored","data":{"type":"customer.subscription.updated"}}
{"ts":"2026-04-29T13:56:29.457Z","level":"INFO","step":"webhook_received","data":{"url":"http://localhost:3000/webhook"}}
{"ts":"2026-04-29T13:56:29.459Z","level":"INFO","step":"signature_verified"}
{"ts":"2026-04-29T13:56:29.460Z","level":"INFO","step":"event_parsed","data":{"type":"invoice.updated"}}
{"ts":"2026-04-29T13:56:29.461Z","level":"INFO","step":"event_ignored","data":{"type":"invoice.updated"}}
{"ts":"2026-04-29T13:56:29.488Z","level":"INFO","step":"webhook_received","data":{"url":"http://localhost:3000/webhook"}}
{"ts":"2026-04-29T13:56:29.489Z","level":"INFO","step":"signature_verified"}
{"ts":"2026-04-29T13:56:29.490Z","level":"INFO","step":"event_parsed","data":{"type":"invoice.voided"}}
{"ts":"2026-04-29T13:56:29.490Z","level":"INFO","step":"event_ignored","data":{"type":"invoice.voided"}}
{"ts":"2026-04-29T13:56:29.839Z","level":"INFO","step":"webhook_received","data":{"url":"http://localhost:3000/webhook"}}
{"ts":"2026-04-29T13:56:29.840Z","level":"INFO","step":"signature_verified"}
{"ts":"2026-04-29T13:56:29.841Z","level":"INFO","step":"event_parsed","data":{"type":"customer.subscription.updated"}}
{"ts":"2026-04-29T13:56:29.841Z","level":"INFO","step":"event_ignored","data":{"type":"customer.subscription.updated"}}
{"ts":"2026-04-29T13:56:30.010Z","level":"INFO","step":"webhook_received","data":{"url":"http://localhost:3000/webhook"}}
{"ts":"2026-04-29T13:56:30.011Z","level":"INFO","step":"signature_verified"}
{"ts":"2026-04-29T13:56:30.012Z","level":"INFO","step":"event_parsed","data":{"type":"payment_intent.canceled"}}
{"ts":"2026-04-29T13:56:30.012Z","level":"INFO","step":"event_ignored","data":{"type":"payment_intent.canceled"}}
{"ts":"2026-04-29T13:56:31.342Z","level":"INFO","step":"webhook_received","data":{"url":"http://localhost:3000/webhook"}}
{"ts":"2026-04-29T13:56:31.344Z","level":"INFO","step":"signature_verified"}
{"ts":"2026-04-29T13:56:31.345Z","level":"INFO","step":"event_parsed","data":{"type":"invoice.updated"}}
{"ts":"2026-04-29T13:56:31.345Z","level":"INFO","step":"event_ignored","data":{"type":"invoice.updated"}}
{"ts":"2026-04-29T13:56:31.355Z","level":"INFO","step":"webhook_received","data":{"url":"http://localhost:3000/webhook"}}
{"ts":"2026-04-29T13:56:31.356Z","level":"INFO","step":"signature_verified"}
{"ts":"2026-04-29T13:56:31.357Z","level":"INFO","step":"event_parsed","data":{"type":"invoice.voided"}}
{"ts":"2026-04-29T13:56:31.358Z","level":"INFO","step":"event_ignored","data":{"type":"invoice.voided"}}
{"ts":"2026-04-29T13:56:31.363Z","level":"INFO","step":"webhook_received","data":{"url":"http://localhost:3000/webhook"}}
{"ts":"2026-04-29T13:56:31.368Z","level":"INFO","step":"signature_verified"}
{"ts":"2026-04-29T13:56:31.369Z","level":"INFO","step":"event_parsed","data":{"type":"payment_intent.canceled"}}
{"ts":"2026-04-29T13:56:31.370Z","level":"INFO","step":"event_ignored","data":{"type":"payment_intent.canceled"}}
{"ts":"2026-04-29T13:56:31.407Z","level":"INFO","step":"webhook_received","data":{"url":"http://localhost:3000/webhook"}}
{"ts":"2026-04-29T13:56:31.409Z","level":"INFO","step":"signature_verified"}
{"ts":"2026-04-29T13:56:31.410Z","level":"INFO","step":"event_parsed","data":{"type":"customer.subscription.updated"}}
{"ts":"2026-04-29T13:56:31.410Z","level":"INFO","step":"event_ignored","data":{"type":"customer.subscription.updated"}}
{"ts":"2026-04-29T13:56:32.583Z","level":"INFO","step":"webhook_received","data":{"url":"http://localhost:3000/webhook"}}
{"ts":"2026-04-29T13:56:32.585Z","level":"INFO","step":"signature_verified"}
{"ts":"2026-04-29T13:56:32.586Z","level":"INFO","step":"event_parsed","data":{"type":"invoice.updated"}}
{"ts":"2026-04-29T13:56:32.587Z","level":"INFO","step":"event_ignored","data":{"type":"invoice.updated"}}
{"ts":"2026-04-29T13:56:32.596Z","level":"INFO","step":"webhook_received","data":{"url":"http://localhost:3000/webhook"}}
{"ts":"2026-04-29T13:56:32.597Z","level":"INFO","step":"signature_verified"}
{"ts":"2026-04-29T13:56:32.598Z","level":"INFO","step":"event_parsed","data":{"type":"invoice.voided"}}
{"ts":"2026-04-29T13:56:32.599Z","level":"INFO","step":"event_ignored","data":{"type":"invoice.voided"}}
{"ts":"2026-04-29T13:56:32.642Z","level":"INFO","step":"webhook_received","data":{"url":"http://localhost:3000/webhook"}}
{"ts":"2026-04-29T13:56:32.646Z","level":"INFO","step":"signature_verified"}
{"ts":"2026-04-29T13:56:32.647Z","level":"INFO","step":"event_parsed","data":{"type":"payment_intent.canceled"}}
{"ts":"2026-04-29T13:56:32.648Z","level":"INFO","step":"event_ignored","data":{"type":"payment_intent.canceled"}}
{"ts":"2026-04-29T13:56:33.266Z","level":"INFO","step":"webhook_received","data":{"url":"http://localhost:3000/webhook"}}
{"ts":"2026-04-29T13:56:33.267Z","level":"INFO","step":"signature_verified"}
{"ts":"2026-04-29T13:56:33.268Z","level":"INFO","step":"event_parsed","data":{"type":"customer.subscription.updated"}}
{"ts":"2026-04-29T13:56:33.269Z","level":"INFO","step":"event_ignored","data":{"type":"customer.subscription.updated"}}
{"ts":"2026-04-29T13:56:36.484Z","level":"INFO","step":"webhook_received","data":{"url":"http://localhost:3000/webhook"}}
{"ts":"2026-04-29T13:56:36.486Z","level":"INFO","step":"signature_verified"}
{"ts":"2026-04-29T13:56:36.487Z","level":"INFO","step":"event_parsed","data":{"type":"invoice.updated"}}
{"ts":"2026-04-29T13:56:36.487Z","level":"INFO","step":"event_ignored","data":{"type":"invoice.updated"}}
{"ts":"2026-04-29T13:56:36.682Z","level":"INFO","step":"webhook_received","data":{"url":"http://localhost:3000/webhook"}}
{"ts":"2026-04-29T13:56:36.685Z","level":"INFO","step":"signature_verified"}
{"ts":"2026-04-29T13:56:36.686Z","level":"INFO","step":"event_parsed","data":{"type":"invoice.voided"}}
{"ts":"2026-04-29T13:56:36.687Z","level":"INFO","step":"event_ignored","data":{"type":"invoice.voided"}}
{"ts":"2026-04-29T13:56:36.827Z","level":"INFO","step":"webhook_received","data":{"url":"http://localhost:3000/webhook"}}
{"ts":"2026-04-29T13:56:36.828Z","level":"INFO","step":"signature_verified"}
{"ts":"2026-04-29T13:56:36.829Z","level":"INFO","step":"event_parsed","data":{"type":"payment_intent.canceled"}}
{"ts":"2026-04-29T13:56:36.830Z","level":"INFO","step":"event_ignored","data":{"type":"payment_intent.canceled"}}
{"ts":"2026-04-29T13:56:37.047Z","level":"INFO","step":"webhook_received","data":{"url":"http://localhost:3000/webhook"}}
{"ts":"2026-04-29T13:56:37.048Z","level":"INFO","step":"signature_verified"}
{"ts":"2026-04-29T13:56:37.049Z","level":"INFO","step":"event_parsed","data":{"type":"customer.subscription.updated"}}
{"ts":"2026-04-29T13:56:37.050Z","level":"INFO","step":"event_ignored","data":{"type":"customer.subscription.updated"}}
